// Vitest Snapshot v1

exports[`should show a loading state 1`] = `
<DocumentFragment>
  <main
    class="_container_652d7f"
  >
    <div
      aria-busy="true"
      class="_container_2e4c81"
      data-testid="global-loading"
      role="alert"
    >
      <div
        class="_spinner_2e4c81"
      />
    </div>
    <div
      class="_formContainer_652d7f"
    >
      <h1>
        Todo (Asynchronous actions)
      </h1>
      <form>
        <input
          placeholder="Add Todo"
          value=""
        />
        <button>
          Add
        </button>
      </form>
    </div>
    <ul
      class="_todosContainer_652d7f"
    />
  </main>
</DocumentFragment>
`;
